python : Creating test 
database for alias 
'default'...
At line:1 char:1
+ python manage.py 
test crm.tests.CRMWorkf
lowTests 2>&1 | 
Tee-Object -F ...
+ ~~~~~~~~~~~~~~~~~~~~~
~~~~~~~~~~~~~~~~~~~~~~~
~~~~~~~~~
    + CategoryInfo     
         : NotSpecifi  
  ed: (Creating test   
  d...as 'default'.    
..:String) [], Rem    
oteException
    + FullyQualifiedEr 
   rorId : NativeComm  
  andError
 

System check 
identified some issues:

WARNINGS:
crm.Account: 
(models.W042) 
Auto-created primary 
key used when not 
defining a primary key 
type, by default 'djang
o.db.models.AutoField'.
	HINT: Configure the 
DEFAULT_AUTO_FIELD 
setting or the CrmConfi
g.default_auto_field 
attribute to point to 
a subclass of 
AutoField, e.g. 'django
.db.models.BigAutoField
'.
crm.Contact: 
(models.W042) 
Auto-created primary 
key used when not 
defining a primary key 
type, by default 'djang
o.db.models.AutoField'.
	HINT: Configure the 
DEFAULT_AUTO_FIELD 
setting or the CrmConfi
g.default_auto_field 
attribute to point to 
a subclass of 
AutoField, e.g. 'django
.db.models.BigAutoField
'.
crm.IntegrationConfig: 
(models.W042) 
Auto-created primary 
key used when not 
defining a primary key 
type, by default 'djang
o.db.models.AutoField'.
	HINT: Configure the 
DEFAULT_AUTO_FIELD 
setting or the CrmConfi
g.default_auto_field 
attribute to point to 
a subclass of 
AutoField, e.g. 'django
.db.models.BigAutoField
'.
crm.Lead: 
(models.W042) 
Auto-created primary 
key used when not 
defining a primary key 
type, by default 'djang
o.db.models.AutoField'.
	HINT: Configure the 
DEFAULT_AUTO_FIELD 
setting or the CrmConfi
g.default_auto_field 
attribute to point to 
a subclass of 
AutoField, e.g. 'django
.db.models.BigAutoField
'.
crm.Opportunity: 
(models.W042) 
Auto-created primary 
key used when not 
defining a primary key 
type, by default 'djang
o.db.models.AutoField'.
	HINT: Configure the 
DEFAULT_AUTO_FIELD 
setting or the CrmConfi
g.default_auto_field 
attribute to point to 
a subclass of 
AutoField, e.g. 'django
.db.models.BigAutoField
'.
crm.Task: 
(models.W042) 
Auto-created primary 
key used when not 
defining a primary key 
type, by default 'djang
o.db.models.AutoField'.
	HINT: Configure the 
DEFAULT_AUTO_FIELD 
setting or the CrmConfi
g.default_auto_field 
attribute to point to 
a subclass of 
AutoField, e.g. 'django
.db.models.BigAutoField
'.
crm.User: 
(models.W042) 
Auto-created primary 
key used when not 
defining a primary key 
type, by default 'djang
o.db.models.AutoField'.
	HINT: Configure the 
DEFAULT_AUTO_FIELD 
setting or the CrmConfi
g.default_auto_field 
attribute to point to 
a subclass of 
AutoField, e.g. 'django
.db.models.BigAutoField
'.

System check 
identified 7 issues (0 
silenced).
Slack integration 
skipped or failed: 
IntegrationConfig 
matching query does 
not exist.
E
=======================
=======================
=======================
=
ERROR: test_lead_to_opp
ortunity_flow (crm.test
s.CRMWorkflowTests.test
_lead_to_opportunity_fl
ow)
-----------------------
-----------------------
-----------------------
-
Traceback (most recent 
call last):
  File "C:\Users\DJ\One
Drive\Desktop\CRM\crm\t
ests.py", line 117, in 
test_lead_to_opportunit
y_flow
    task = Task.objects
.get(opportunity=opp, 
title="Kickoff 
Meeting")
           ^^^^
NameError: name 'Task' 
is not defined

-----------------------
-----------------------
-----------------------
-
Ran 1 test in 0.451s

FAILED (errors=1)
Destroying test 
database for alias 
'default'...

Found 1 test(s).
DEBUG: Lead signal triggered for peter@dailybugle.com, status=new
DEBUG: Lead signal triggered for peter@dailybugle.com, status=qualified
DEBUG: Opp signal triggered for New Opportunity - Parker Corp, stage=prospecting
DEBUG: Opp signal triggered for New Opportunity - Parker Corp, stage=won
DEBUG: Entering 'won' block for New Opportunity - Parker Corp
DEBUG: Creating 'Kickoff Meeting' task for New Opportunity - Parker Corp
